{
  "version": "1.5.0",
  "plugins_used": [
    {
      "name": "ArtifactoryDetector"
    },
    {
      "name": "AWSKeyDetector"
    },
    {
      "name": "AzureStorageKeyDetector"
    },
    {
      "name": "Base64HighEntropyString",
      "limit": 4.5
    },
    {
      "name": "BasicAuthDetector"
    },
    {
      "name": "CloudantDetector"
    },
    {
      "name": "DiscordBotTokenDetector"
    },
    {
      "name": "GitHubTokenDetector"
    },
    {
      "name": "GitLabTokenDetector"
    },
    {
      "name": "HexHighEntropyString",
      "limit": 3.0
    },
    {
      "name": "IbmCloudIamDetector"
    },
    {
      "name": "IbmCosHmacDetector"
    },
    {
      "name": "IPPublicDetector"
    },
    {
      "name": "JwtTokenDetector"
    },
    {
      "name": "KeywordDetector",
      "keyword_exclude": ""
    },
    {
      "name": "MailchimpDetector"
    },
    {
      "name": "NpmDetector"
    },
    {
      "name": "OpenAIDetector"
    },
    {
      "name": "PrivateKeyDetector"
    },
    {
      "name": "PypiTokenDetector"
    },
    {
      "name": "SendGridDetector"
    },
    {
      "name": "SlackDetector"
    },
    {
      "name": "SoftlayerDetector"
    },
    {
      "name": "SquareOAuthDetector"
    },
    {
      "name": "StripeDetector"
    },
    {
      "name": "TelegramBotTokenDetector"
    },
    {
      "name": "TwilioKeyDetector"
    }
  ],
  "filters_used": [
    {
      "path": "detect_secrets.filters.allowlist.is_line_allowlisted"
    },
    {
      "path": "detect_secrets.filters.common.is_baseline_file",
      "filename": "/Users/gma/repo/tf-kube-any-compute/.secrets.baseline"
    },
    {
      "path": "detect_secrets.filters.common.is_ignored_due_to_verification_policies",
      "min_level": 2
    },
    {
      "path": "detect_secrets.filters.heuristic.is_indirect_reference"
    },
    {
      "path": "detect_secrets.filters.heuristic.is_likely_id_string"
    },
    {
      "path": "detect_secrets.filters.heuristic.is_lock_file"
    },
    {
      "path": "detect_secrets.filters.heuristic.is_not_alphanumeric_string"
    },
    {
      "path": "detect_secrets.filters.heuristic.is_potential_uuid"
    },
    {
      "path": "detect_secrets.filters.heuristic.is_prefixed_with_dollar_sign"
    },
    {
      "path": "detect_secrets.filters.heuristic.is_sequential_string"
    },
    {
      "path": "detect_secrets.filters.heuristic.is_swagger_file"
    },
    {
      "path": "detect_secrets.filters.heuristic.is_templated_secret"
    },
    {
      "path": "detect_secrets.filters.regex.should_exclude_file",
      "pattern": [
        "^(?:.terraform|terraform\\.tfstate\\.d|security-results|examples)/",
        "\\.backup$",
        "\\.tfvars$"
      ]
    }
  ],
  "results": {
    ".secrets.baseline": [
      {
        "type": "Hex High Entropy String",
        "filename": ".secrets.baseline",
        "hashed_secret": "209649fecd86867cc091be891a6147e56b2296da",
        "is_verified": false,
        "line_number": 142
      },
      {
        "type": "Secret Keyword",
        "filename": ".secrets.baseline",
        "hashed_secret": "209649fecd86867cc091be891a6147e56b2296da",
        "is_verified": false,
        "line_number": 142
      },
      {
        "type": "Hex High Entropy String",
        "filename": ".secrets.baseline",
        "hashed_secret": "257f942dcd1119a527db0c6635cba2c1f02c78a0",
        "is_verified": false,
        "line_number": 149
      },
      {
        "type": "Secret Keyword",
        "filename": ".secrets.baseline",
        "hashed_secret": "257f942dcd1119a527db0c6635cba2c1f02c78a0",
        "is_verified": false,
        "line_number": 149
      },
      {
        "type": "Hex High Entropy String",
        "filename": ".secrets.baseline",
        "hashed_secret": "effc84d29066f4ab7afb2f464861d847c0b8e0f8",
        "is_verified": false,
        "line_number": 156
      },
      {
        "type": "Secret Keyword",
        "filename": ".secrets.baseline",
        "hashed_secret": "effc84d29066f4ab7afb2f464861d847c0b8e0f8",
        "is_verified": false,
        "line_number": 156
      },
      {
        "type": "Hex High Entropy String",
        "filename": ".secrets.baseline",
        "hashed_secret": "c5cc38b10f50ffb856495be0d9a534fa534660ef",
        "is_verified": false,
        "line_number": 165
      },
      {
        "type": "Secret Keyword",
        "filename": ".secrets.baseline",
        "hashed_secret": "c5cc38b10f50ffb856495be0d9a534fa534660ef",
        "is_verified": false,
        "line_number": 165
      },
      {
        "type": "Hex High Entropy String",
        "filename": ".secrets.baseline",
        "hashed_secret": "46bb0135f50e81f28c68fc41e740ab8092adc462",
        "is_verified": false,
        "line_number": 172
      },
      {
        "type": "Secret Keyword",
        "filename": ".secrets.baseline",
        "hashed_secret": "46bb0135f50e81f28c68fc41e740ab8092adc462",
        "is_verified": false,
        "line_number": 172
      },
      {
        "type": "Hex High Entropy String",
        "filename": ".secrets.baseline",
        "hashed_secret": "a2ee09e48674ed11c1f2387db9e6de4b9bd19580",
        "is_verified": false,
        "line_number": 179
      },
      {
        "type": "Secret Keyword",
        "filename": ".secrets.baseline",
        "hashed_secret": "a2ee09e48674ed11c1f2387db9e6de4b9bd19580",
        "is_verified": false,
        "line_number": 179
      },
      {
        "type": "Hex High Entropy String",
        "filename": ".secrets.baseline",
        "hashed_secret": "f41c43b4b138186c6cd8f9e567cf283a26987f22",
        "is_verified": false,
        "line_number": 186
      },
      {
        "type": "Secret Keyword",
        "filename": ".secrets.baseline",
        "hashed_secret": "f41c43b4b138186c6cd8f9e567cf283a26987f22",
        "is_verified": false,
        "line_number": 186
      },
      {
        "type": "Hex High Entropy String",
        "filename": ".secrets.baseline",
        "hashed_secret": "27b2754281ab44bd0d45a6f7333ecc00196380bf",
        "is_verified": false,
        "line_number": 195
      },
      {
        "type": "Secret Keyword",
        "filename": ".secrets.baseline",
        "hashed_secret": "27b2754281ab44bd0d45a6f7333ecc00196380bf",
        "is_verified": false,
        "line_number": 195
      },
      {
        "type": "Hex High Entropy String",
        "filename": ".secrets.baseline",
        "hashed_secret": "353e8061f2befecb6818ba0c034c632fb0bcae1b",
        "is_verified": false,
        "line_number": 204
      },
      {
        "type": "Secret Keyword",
        "filename": ".secrets.baseline",
        "hashed_secret": "353e8061f2befecb6818ba0c034c632fb0bcae1b",
        "is_verified": false,
        "line_number": 204
      },
      {
        "type": "Hex High Entropy String",
        "filename": ".secrets.baseline",
        "hashed_secret": "a11f8f07f0746c36949817c33f5e7c07429472b8",
        "is_verified": false,
        "line_number": 213
      },
      {
        "type": "Secret Keyword",
        "filename": ".secrets.baseline",
        "hashed_secret": "a11f8f07f0746c36949817c33f5e7c07429472b8",
        "is_verified": false,
        "line_number": 213
      },
      {
        "type": "Hex High Entropy String",
        "filename": ".secrets.baseline",
        "hashed_secret": "6e5bdd720c8cb8c444d8a32a087bc8f46e916300",
        "is_verified": false,
        "line_number": 229
      },
      {
        "type": "Secret Keyword",
        "filename": ".secrets.baseline",
        "hashed_secret": "6e5bdd720c8cb8c444d8a32a087bc8f46e916300",
        "is_verified": false,
        "line_number": 229
      },
      {
        "type": "Hex High Entropy String",
        "filename": ".secrets.baseline",
        "hashed_secret": "14e220f3b25abffc15f59da0688a5bb10383774a",
        "is_verified": false,
        "line_number": 236
      },
      {
        "type": "Secret Keyword",
        "filename": ".secrets.baseline",
        "hashed_secret": "14e220f3b25abffc15f59da0688a5bb10383774a",
        "is_verified": false,
        "line_number": 236
      },
      {
        "type": "Hex High Entropy String",
        "filename": ".secrets.baseline",
        "hashed_secret": "f15668f14746c92324dac452490c6f927c03c9f4",
        "is_verified": false,
        "line_number": 245
      },
      {
        "type": "Secret Keyword",
        "filename": ".secrets.baseline",
        "hashed_secret": "f15668f14746c92324dac452490c6f927c03c9f4",
        "is_verified": false,
        "line_number": 245
      },
      {
        "type": "Hex High Entropy String",
        "filename": ".secrets.baseline",
        "hashed_secret": "d93b4f6ba526b73eafac1e6de6b46d574632efc5",
        "is_verified": false,
        "line_number": 254
      },
      {
        "type": "Secret Keyword",
        "filename": ".secrets.baseline",
        "hashed_secret": "d93b4f6ba526b73eafac1e6de6b46d574632efc5",
        "is_verified": false,
        "line_number": 254
      },
      {
        "type": "Hex High Entropy String",
        "filename": ".secrets.baseline",
        "hashed_secret": "e135fff4d7f81e49a3cd7bc164acceefadd88c50",
        "is_verified": false,
        "line_number": 261
      },
      {
        "type": "Secret Keyword",
        "filename": ".secrets.baseline",
        "hashed_secret": "e135fff4d7f81e49a3cd7bc164acceefadd88c50",
        "is_verified": false,
        "line_number": 261
      },
      {
        "type": "Hex High Entropy String",
        "filename": ".secrets.baseline",
        "hashed_secret": "635114505e7620f951a96ea6d5a6d2a018bc7ab4",
        "is_verified": false,
        "line_number": 270
      },
      {
        "type": "Secret Keyword",
        "filename": ".secrets.baseline",
        "hashed_secret": "635114505e7620f951a96ea6d5a6d2a018bc7ab4",
        "is_verified": false,
        "line_number": 270
      },
      {
        "type": "Hex High Entropy String",
        "filename": ".secrets.baseline",
        "hashed_secret": "75612704ae9a3312a20c804f471d81e3b7f7dd3e",
        "is_verified": false,
        "line_number": 277
      },
      {
        "type": "Secret Keyword",
        "filename": ".secrets.baseline",
        "hashed_secret": "75612704ae9a3312a20c804f471d81e3b7f7dd3e",
        "is_verified": false,
        "line_number": 277
      },
      {
        "type": "Hex High Entropy String",
        "filename": ".secrets.baseline",
        "hashed_secret": "e1d1f1f5555e6efb8cf1061c9a31dff9126b8e52",
        "is_verified": false,
        "line_number": 293
      },
      {
        "type": "Secret Keyword",
        "filename": ".secrets.baseline",
        "hashed_secret": "e1d1f1f5555e6efb8cf1061c9a31dff9126b8e52",
        "is_verified": false,
        "line_number": 293
      },
      {
        "type": "Hex High Entropy String",
        "filename": ".secrets.baseline",
        "hashed_secret": "a715ef01bdef61e6baafb5f3e3bc5a56057e25d2",
        "is_verified": false,
        "line_number": 300
      },
      {
        "type": "Secret Keyword",
        "filename": ".secrets.baseline",
        "hashed_secret": "a715ef01bdef61e6baafb5f3e3bc5a56057e25d2",
        "is_verified": false,
        "line_number": 300
      },
      {
        "type": "Hex High Entropy String",
        "filename": ".secrets.baseline",
        "hashed_secret": "1802ca48b26c72f9656c195e350ae17e0931a941",
        "is_verified": false,
        "line_number": 307
      },
      {
        "type": "Secret Keyword",
        "filename": ".secrets.baseline",
        "hashed_secret": "1802ca48b26c72f9656c195e350ae17e0931a941",
        "is_verified": false,
        "line_number": 307
      },
      {
        "type": "Hex High Entropy String",
        "filename": ".secrets.baseline",
        "hashed_secret": "3278db8e46d6cdccf7fcdcb6f20c7ed9df34567d",
        "is_verified": false,
        "line_number": 321
      },
      {
        "type": "Secret Keyword",
        "filename": ".secrets.baseline",
        "hashed_secret": "3278db8e46d6cdccf7fcdcb6f20c7ed9df34567d",
        "is_verified": false,
        "line_number": 321
      },
      {
        "type": "Hex High Entropy String",
        "filename": ".secrets.baseline",
        "hashed_secret": "931a19c626c562ae091f85ec2ee1cfb908d8e7a9",
        "is_verified": false,
        "line_number": 328
      },
      {
        "type": "Secret Keyword",
        "filename": ".secrets.baseline",
        "hashed_secret": "931a19c626c562ae091f85ec2ee1cfb908d8e7a9",
        "is_verified": false,
        "line_number": 328
      },
      {
        "type": "Hex High Entropy String",
        "filename": ".secrets.baseline",
        "hashed_secret": "9cadde6b4027109363f98513880bc94d751ca2aa",
        "is_verified": false,
        "line_number": 335
      },
      {
        "type": "Secret Keyword",
        "filename": ".secrets.baseline",
        "hashed_secret": "9cadde6b4027109363f98513880bc94d751ca2aa",
        "is_verified": false,
        "line_number": 335
      },
      {
        "type": "Hex High Entropy String",
        "filename": ".secrets.baseline",
        "hashed_secret": "928a408b975af0118526c0bc9356147dc749f2f2",
        "is_verified": false,
        "line_number": 344
      },
      {
        "type": "Secret Keyword",
        "filename": ".secrets.baseline",
        "hashed_secret": "928a408b975af0118526c0bc9356147dc749f2f2",
        "is_verified": false,
        "line_number": 344
      },
      {
        "type": "Hex High Entropy String",
        "filename": ".secrets.baseline",
        "hashed_secret": "4bff0ce4b3522b8b2bff47316f0fea0770eab372",
        "is_verified": false,
        "line_number": 351
      },
      {
        "type": "Secret Keyword",
        "filename": ".secrets.baseline",
        "hashed_secret": "4bff0ce4b3522b8b2bff47316f0fea0770eab372",
        "is_verified": false,
        "line_number": 351
      },
      {
        "type": "Hex High Entropy String",
        "filename": ".secrets.baseline",
        "hashed_secret": "4e8cce78b24d7ebfe38c84b781aeb7a595c1f41b",
        "is_verified": false,
        "line_number": 369
      },
      {
        "type": "Secret Keyword",
        "filename": ".secrets.baseline",
        "hashed_secret": "4e8cce78b24d7ebfe38c84b781aeb7a595c1f41b",
        "is_verified": false,
        "line_number": 369
      },
      {
        "type": "Hex High Entropy String",
        "filename": ".secrets.baseline",
        "hashed_secret": "40abfc18b723a75747f2712691184b6c7885b9ce",
        "is_verified": false,
        "line_number": 385
      },
      {
        "type": "Secret Keyword",
        "filename": ".secrets.baseline",
        "hashed_secret": "40abfc18b723a75747f2712691184b6c7885b9ce",
        "is_verified": false,
        "line_number": 385
      },
      {
        "type": "Hex High Entropy String",
        "filename": ".secrets.baseline",
        "hashed_secret": "7d07ffe42a39abb2853ccba040d8450b1a51a60d",
        "is_verified": false,
        "line_number": 408
      },
      {
        "type": "Secret Keyword",
        "filename": ".secrets.baseline",
        "hashed_secret": "7d07ffe42a39abb2853ccba040d8450b1a51a60d",
        "is_verified": false,
        "line_number": 408
      },
      {
        "type": "Hex High Entropy String",
        "filename": ".secrets.baseline",
        "hashed_secret": "33c4379774c96c912ce81e5e0d83ec60ece86750",
        "is_verified": false,
        "line_number": 415
      },
      {
        "type": "Secret Keyword",
        "filename": ".secrets.baseline",
        "hashed_secret": "33c4379774c96c912ce81e5e0d83ec60ece86750",
        "is_verified": false,
        "line_number": 415
      },
      {
        "type": "Hex High Entropy String",
        "filename": ".secrets.baseline",
        "hashed_secret": "906e20154ecee062aa83030a433948d3294e0943",
        "is_verified": false,
        "line_number": 424
      },
      {
        "type": "Secret Keyword",
        "filename": ".secrets.baseline",
        "hashed_secret": "906e20154ecee062aa83030a433948d3294e0943",
        "is_verified": false,
        "line_number": 424
      },
      {
        "type": "Hex High Entropy String",
        "filename": ".secrets.baseline",
        "hashed_secret": "862df84c25b094912cd1f2d9c02eb396bcf8d243",
        "is_verified": false,
        "line_number": 431
      },
      {
        "type": "Secret Keyword",
        "filename": ".secrets.baseline",
        "hashed_secret": "862df84c25b094912cd1f2d9c02eb396bcf8d243",
        "is_verified": false,
        "line_number": 431
      },
      {
        "type": "Hex High Entropy String",
        "filename": ".secrets.baseline",
        "hashed_secret": "9e2d07ac89b7275ea467e46170fc03e3803d5cd9",
        "is_verified": false,
        "line_number": 445
      },
      {
        "type": "Secret Keyword",
        "filename": ".secrets.baseline",
        "hashed_secret": "9e2d07ac89b7275ea467e46170fc03e3803d5cd9",
        "is_verified": false,
        "line_number": 445
      },
      {
        "type": "Hex High Entropy String",
        "filename": ".secrets.baseline",
        "hashed_secret": "a83635cec55fc4bfbb5abd0d65c164a18e853adb",
        "is_verified": false,
        "line_number": 452
      },
      {
        "type": "Secret Keyword",
        "filename": ".secrets.baseline",
        "hashed_secret": "a83635cec55fc4bfbb5abd0d65c164a18e853adb",
        "is_verified": false,
        "line_number": 452
      },
      {
        "type": "Hex High Entropy String",
        "filename": ".secrets.baseline",
        "hashed_secret": "21b8f5cd8866ebbe4a9fc6f593a3f0f77058e2ff",
        "is_verified": false,
        "line_number": 468
      },
      {
        "type": "Secret Keyword",
        "filename": ".secrets.baseline",
        "hashed_secret": "21b8f5cd8866ebbe4a9fc6f593a3f0f77058e2ff",
        "is_verified": false,
        "line_number": 468
      },
      {
        "type": "Hex High Entropy String",
        "filename": ".secrets.baseline",
        "hashed_secret": "d52cf9174c90b31591da67c5582191b7e1fe12de",
        "is_verified": false,
        "line_number": 475
      },
      {
        "type": "Secret Keyword",
        "filename": ".secrets.baseline",
        "hashed_secret": "d52cf9174c90b31591da67c5582191b7e1fe12de",
        "is_verified": false,
        "line_number": 475
      },
      {
        "type": "Hex High Entropy String",
        "filename": ".secrets.baseline",
        "hashed_secret": "0c4f71547b673cc016cd643b41ce13b0ba893a6e",
        "is_verified": false,
        "line_number": 507
      },
      {
        "type": "Secret Keyword",
        "filename": ".secrets.baseline",
        "hashed_secret": "0c4f71547b673cc016cd643b41ce13b0ba893a6e",
        "is_verified": false,
        "line_number": 507
      },
      {
        "type": "Hex High Entropy String",
        "filename": ".secrets.baseline",
        "hashed_secret": "a1ad056392b1c1223a76771eef6724ffa67e1ab1",
        "is_verified": false,
        "line_number": 514
      },
      {
        "type": "Secret Keyword",
        "filename": ".secrets.baseline",
        "hashed_secret": "a1ad056392b1c1223a76771eef6724ffa67e1ab1",
        "is_verified": false,
        "line_number": 514
      },
      {
        "type": "Hex High Entropy String",
        "filename": ".secrets.baseline",
        "hashed_secret": "4656a874565a2e01223649764df0f508abd9b6e7",
        "is_verified": false,
        "line_number": 523
      },
      {
        "type": "Secret Keyword",
        "filename": ".secrets.baseline",
        "hashed_secret": "4656a874565a2e01223649764df0f508abd9b6e7",
        "is_verified": false,
        "line_number": 523
      },
      {
        "type": "Hex High Entropy String",
        "filename": ".secrets.baseline",
        "hashed_secret": "b042ffb7d7337546e1515c2622af453f4b5b59fc",
        "is_verified": false,
        "line_number": 541
      },
      {
        "type": "Secret Keyword",
        "filename": ".secrets.baseline",
        "hashed_secret": "b042ffb7d7337546e1515c2622af453f4b5b59fc",
        "is_verified": false,
        "line_number": 541
      },
      {
        "type": "Hex High Entropy String",
        "filename": ".secrets.baseline",
        "hashed_secret": "e241a23d5d3847d73fb767f3efee2823b554216b",
        "is_verified": false,
        "line_number": 548
      },
      {
        "type": "Secret Keyword",
        "filename": ".secrets.baseline",
        "hashed_secret": "e241a23d5d3847d73fb767f3efee2823b554216b",
        "is_verified": false,
        "line_number": 548
      },
      {
        "type": "Hex High Entropy String",
        "filename": ".secrets.baseline",
        "hashed_secret": "e945dc6cbefea6d0f4e8b11ee76d968243e9607d",
        "is_verified": false,
        "line_number": 555
      },
      {
        "type": "Secret Keyword",
        "filename": ".secrets.baseline",
        "hashed_secret": "e945dc6cbefea6d0f4e8b11ee76d968243e9607d",
        "is_verified": false,
        "line_number": 555
      },
      {
        "type": "Hex High Entropy String",
        "filename": ".secrets.baseline",
        "hashed_secret": "d1117ad165097fb74c6ebfd3b877cb7948624a3b",
        "is_verified": false,
        "line_number": 571
      },
      {
        "type": "Secret Keyword",
        "filename": ".secrets.baseline",
        "hashed_secret": "d1117ad165097fb74c6ebfd3b877cb7948624a3b",
        "is_verified": false,
        "line_number": 571
      },
      {
        "type": "Hex High Entropy String",
        "filename": ".secrets.baseline",
        "hashed_secret": "f7589668d938f7be959a57cce3e20fa6137fc5e4",
        "is_verified": false,
        "line_number": 578
      },
      {
        "type": "Secret Keyword",
        "filename": ".secrets.baseline",
        "hashed_secret": "f7589668d938f7be959a57cce3e20fa6137fc5e4",
        "is_verified": false,
        "line_number": 578
      },
      {
        "type": "Hex High Entropy String",
        "filename": ".secrets.baseline",
        "hashed_secret": "19e9ad68fb3bc3c5527ea94d5395595c35b8a9bf",
        "is_verified": false,
        "line_number": 585
      },
      {
        "type": "Secret Keyword",
        "filename": ".secrets.baseline",
        "hashed_secret": "19e9ad68fb3bc3c5527ea94d5395595c35b8a9bf",
        "is_verified": false,
        "line_number": 585
      },
      {
        "type": "Hex High Entropy String",
        "filename": ".secrets.baseline",
        "hashed_secret": "55fd59e646da1a0ef004ef48ac288f9f50aad9ac",
        "is_verified": false,
        "line_number": 594
      },
      {
        "type": "Secret Keyword",
        "filename": ".secrets.baseline",
        "hashed_secret": "55fd59e646da1a0ef004ef48ac288f9f50aad9ac",
        "is_verified": false,
        "line_number": 594
      },
      {
        "type": "Hex High Entropy String",
        "filename": ".secrets.baseline",
        "hashed_secret": "5a499f266420f56c9fc307d31a14df3644bd41b3",
        "is_verified": false,
        "line_number": 603
      },
      {
        "type": "Secret Keyword",
        "filename": ".secrets.baseline",
        "hashed_secret": "5a499f266420f56c9fc307d31a14df3644bd41b3",
        "is_verified": false,
        "line_number": 603
      },
      {
        "type": "Hex High Entropy String",
        "filename": ".secrets.baseline",
        "hashed_secret": "fe67e7161087f27e93f2d1b006e4a53a1539dcd0",
        "is_verified": false,
        "line_number": 621
      },
      {
        "type": "Secret Keyword",
        "filename": ".secrets.baseline",
        "hashed_secret": "fe67e7161087f27e93f2d1b006e4a53a1539dcd0",
        "is_verified": false,
        "line_number": 621
      },
      {
        "type": "Hex High Entropy String",
        "filename": ".secrets.baseline",
        "hashed_secret": "0423c96c55c6d9594297725e4e0756fb923473e6",
        "is_verified": false,
        "line_number": 651
      },
      {
        "type": "Secret Keyword",
        "filename": ".secrets.baseline",
        "hashed_secret": "0423c96c55c6d9594297725e4e0756fb923473e6",
        "is_verified": false,
        "line_number": 651
      },
      {
        "type": "Hex High Entropy String",
        "filename": ".secrets.baseline",
        "hashed_secret": "308174476e4578a83935413358500f425497b5f3",
        "is_verified": false,
        "line_number": 658
      },
      {
        "type": "Secret Keyword",
        "filename": ".secrets.baseline",
        "hashed_secret": "308174476e4578a83935413358500f425497b5f3",
        "is_verified": false,
        "line_number": 658
      },
      {
        "type": "Hex High Entropy String",
        "filename": ".secrets.baseline",
        "hashed_secret": "ce6efbb99736aaa835eed5344846f48c172c1f3c",
        "is_verified": false,
        "line_number": 665
      },
      {
        "type": "Secret Keyword",
        "filename": ".secrets.baseline",
        "hashed_secret": "ce6efbb99736aaa835eed5344846f48c172c1f3c",
        "is_verified": false,
        "line_number": 665
      },
      {
        "type": "Hex High Entropy String",
        "filename": ".secrets.baseline",
        "hashed_secret": "419963d36f2275a6b4210fe412bde218eab69d1f",
        "is_verified": false,
        "line_number": 679
      },
      {
        "type": "Secret Keyword",
        "filename": ".secrets.baseline",
        "hashed_secret": "419963d36f2275a6b4210fe412bde218eab69d1f",
        "is_verified": false,
        "line_number": 679
      },
      {
        "type": "Hex High Entropy String",
        "filename": ".secrets.baseline",
        "hashed_secret": "d2abf74388c924f163e26b7da86ecb741a825c30",
        "is_verified": false,
        "line_number": 686
      },
      {
        "type": "Secret Keyword",
        "filename": ".secrets.baseline",
        "hashed_secret": "d2abf74388c924f163e26b7da86ecb741a825c30",
        "is_verified": false,
        "line_number": 686
      }
    ],
    "AUTHELIA-HEADLAMP-INTEGRATION.md": [
      {
        "type": "Secret Keyword",
        "filename": "AUTHELIA-HEADLAMP-INTEGRATION.md",
        "hashed_secret": "4fd1099151959bfbd94a195a429ffb650c7f426b",
        "is_verified": false,
        "line_number": 77
      },
      {
        "type": "Secret Keyword",
        "filename": "AUTHELIA-HEADLAMP-INTEGRATION.md",
        "hashed_secret": "6f68109f28c613c3771966b4dccdff65cb1799f8",
        "is_verified": false,
        "line_number": 257
      },
      {
        "type": "Secret Keyword",
        "filename": "AUTHELIA-HEADLAMP-INTEGRATION.md",
        "hashed_secret": "68e31a7bfcb006a760a22d0e9b05ad907fce6b59",
        "is_verified": false,
        "line_number": 323
      }
    ],
    "README.md": [
      {
        "type": "Secret Keyword",
        "filename": "README.md",
        "hashed_secret": "c2bc35cbe148f6be41d40f0f70301d9271ff1191",
        "is_verified": false,
        "line_number": 243
      },
      {
        "type": "Secret Keyword",
        "filename": "README.md",
        "hashed_secret": "354b3a4b7715d3694c88a4fa7db49e41de86568e",
        "is_verified": false,
        "line_number": 313
      },
      {
        "type": "Secret Keyword",
        "filename": "README.md",
        "hashed_secret": "c303df00cd0a72b21c62900b758b06fc541664ce",
        "is_verified": false,
        "line_number": 326
      },
      {
        "type": "Secret Keyword",
        "filename": "README.md",
        "hashed_secret": "33f220dd67f717cc949db63e21c90e130a6137da",
        "is_verified": false,
        "line_number": 338
      }
    ],
    "docs/archive/BREAKING-CHANGES.md": [
      {
        "type": "Secret Keyword",
        "filename": "docs/archive/BREAKING-CHANGES.md",
        "hashed_secret": "edbd5e119f94badb9f99a67ac6ff4c7a5204ad61",
        "is_verified": false,
        "line_number": 36
      }
    ],
    "docs/archive/MIDDLEWARE-SYSTEM.md": [
      {
        "type": "Secret Keyword",
        "filename": "docs/archive/MIDDLEWARE-SYSTEM.md",
        "hashed_secret": "5baa61e4c9b93f3f0682250b6cf8331b7ee68fd8",
        "is_verified": false,
        "line_number": 283
      }
    ],
    "docs/development/ARCHITECTURE-DECISIONS.md": [
      {
        "type": "Secret Keyword",
        "filename": "docs/development/ARCHITECTURE-DECISIONS.md",
        "hashed_secret": "394fdf52bc2b7d11613b30f224c94c965c0653b9",
        "is_verified": false,
        "line_number": 1530
      }
    ],
    "docs/guides/AUTHENTICATION-GUIDE.md": [
      {
        "type": "Secret Keyword",
        "filename": "docs/guides/AUTHENTICATION-GUIDE.md",
        "hashed_secret": "c2bc35cbe148f6be41d40f0f70301d9271ff1191",
        "is_verified": false,
        "line_number": 101
      },
      {
        "type": "Secret Keyword",
        "filename": "docs/guides/AUTHENTICATION-GUIDE.md",
        "hashed_secret": "435d30d92e2799cb444ba67aef618b0a184479f1",
        "is_verified": false,
        "line_number": 285
      },
      {
        "type": "Secret Keyword",
        "filename": "docs/guides/AUTHENTICATION-GUIDE.md",
        "hashed_secret": "260e5e88cadbb748f1e840b9e0c52b463d34774f",
        "is_verified": false,
        "line_number": 320
      }
    ],
    "docs/guides/MIDDLEWARE-GUIDE.md": [
      {
        "type": "Secret Keyword",
        "filename": "docs/guides/MIDDLEWARE-GUIDE.md",
        "hashed_secret": "905d125d12295c57e4de6eef7dda19f79557527d",
        "is_verified": false,
        "line_number": 34
      }
    ],
    "docs/guides/SECURITY-TESTING-GUIDE.md": [
      {
        "type": "Secret Keyword",
        "filename": "docs/guides/SECURITY-TESTING-GUIDE.md",
        "hashed_secret": "159920628cb789601a3ef7859918baa2e9ea7d15",
        "is_verified": false,
        "line_number": 187
      },
      {
        "type": "Secret Keyword",
        "filename": "docs/guides/SECURITY-TESTING-GUIDE.md",
        "hashed_secret": "1cf4c502ddd89b918c4bfefea76dadd590693b48",
        "is_verified": false,
        "line_number": 188
      }
    ],
    "docs/reference/DNS-PROVIDER-CERT-RESOLVERS.md": [
      {
        "type": "Secret Keyword",
        "filename": "docs/reference/DNS-PROVIDER-CERT-RESOLVERS.md",
        "hashed_secret": "11fa7c37d697f30e6aee828b4426a10f83ab2380",
        "is_verified": false,
        "line_number": 33
      },
      {
        "type": "Secret Keyword",
        "filename": "docs/reference/DNS-PROVIDER-CERT-RESOLVERS.md",
        "hashed_secret": "9393914157043066154db0496d7f1cff4d290bfe",
        "is_verified": false,
        "line_number": 60
      },
      {
        "type": "Secret Keyword",
        "filename": "docs/reference/DNS-PROVIDER-CERT-RESOLVERS.md",
        "hashed_secret": "33f220dd67f717cc949db63e21c90e130a6137da",
        "is_verified": false,
        "line_number": 87
      }
    ],
    "docs/reference/VARIABLES.md": [
      {
        "type": "Secret Keyword",
        "filename": "docs/reference/VARIABLES.md",
        "hashed_secret": "9321bb9d0ab12a3f4bccbb66661be1d55a976b30",
        "is_verified": false,
        "line_number": 227
      },
      {
        "type": "Secret Keyword",
        "filename": "docs/reference/VARIABLES.md",
        "hashed_secret": "75c589e8ec55e6c0c2b4c2599220d5845fcf5821",
        "is_verified": false,
        "line_number": 228
      },
      {
        "type": "Secret Keyword",
        "filename": "docs/reference/VARIABLES.md",
        "hashed_secret": "a07542eee4a11d3bf5dee49035d9ca87854b2e8d",
        "is_verified": false,
        "line_number": 229
      },
      {
        "type": "Secret Keyword",
        "filename": "docs/reference/VARIABLES.md",
        "hashed_secret": "354b3a4b7715d3694c88a4fa7db49e41de86568e",
        "is_verified": false,
        "line_number": 253
      },
      {
        "type": "Secret Keyword",
        "filename": "docs/reference/VARIABLES.md",
        "hashed_secret": "36c747c2420ffbe6af52951344d79909ae613da0",
        "is_verified": false,
        "line_number": 271
      },
      {
        "type": "Secret Keyword",
        "filename": "docs/reference/VARIABLES.md",
        "hashed_secret": "4ea70c15a401ab96e3f28d37ed5f515bdf2d023a",
        "is_verified": false,
        "line_number": 348
      },
      {
        "type": "Secret Keyword",
        "filename": "docs/reference/VARIABLES.md",
        "hashed_secret": "799c7ffd88bde519fbaea5e2f1a640d9586be3ce",
        "is_verified": false,
        "line_number": 424
      }
    ],
    "helm-authelia/README.md": [
      {
        "type": "Secret Keyword",
        "filename": "helm-authelia/README.md",
        "hashed_secret": "275bae094bee2fa46318f946677d589b21cf471d",
        "is_verified": false,
        "line_number": 125
      },
      {
        "type": "Secret Keyword",
        "filename": "helm-authelia/README.md",
        "hashed_secret": "7534a4ebfd83b35dd5689f3c7a9f124e870b29c7",
        "is_verified": false,
        "line_number": 132
      }
    ],
    "helm-authelia/variables.tf": [
      {
        "type": "Secret Keyword",
        "filename": "helm-authelia/variables.tf",
        "hashed_secret": "4fd1099151959bfbd94a195a429ffb650c7f426b",
        "is_verified": false,
        "line_number": 290
      }
    ],
    "helm-consul/templates/consul-values.yaml.tpl": [
      {
        "type": "Secret Keyword",
        "filename": "helm-consul/templates/consul-values.yaml.tpl",
        "hashed_secret": "ee977806d7286510da8b9a7492ba58e2484c0ecc",
        "is_verified": false,
        "line_number": 17
      }
    ],
    "helm-grafana/README.md": [
      {
        "type": "Secret Keyword",
        "filename": "helm-grafana/README.md",
        "hashed_secret": "354b3a4b7715d3694c88a4fa7db49e41de86568e",
        "is_verified": false,
        "line_number": 26
      },
      {
        "type": "Secret Keyword",
        "filename": "helm-grafana/README.md",
        "hashed_secret": "ba89aecdd197dfb3036ceb8ddedcc64965625a4d",
        "is_verified": false,
        "line_number": 41
      },
      {
        "type": "Secret Keyword",
        "filename": "helm-grafana/README.md",
        "hashed_secret": "c303df00cd0a72b21c62900b758b06fc541664ce",
        "is_verified": false,
        "line_number": 244
      }
    ],
    "helm-headlamp/HEADLAMP-AUTHENTICATION-GUIDE.md": [
      {
        "type": "Secret Keyword",
        "filename": "helm-headlamp/HEADLAMP-AUTHENTICATION-GUIDE.md",
        "hashed_secret": "c303df00cd0a72b21c62900b758b06fc541664ce",
        "is_verified": false,
        "line_number": 76
      },
      {
        "type": "Secret Keyword",
        "filename": "helm-headlamp/HEADLAMP-AUTHENTICATION-GUIDE.md",
        "hashed_secret": "6c178d51b13520496dbc767ed3d9d7aa5803ac72",
        "is_verified": false,
        "line_number": 134
      },
      {
        "type": "Secret Keyword",
        "filename": "helm-headlamp/HEADLAMP-AUTHENTICATION-GUIDE.md",
        "hashed_secret": "692c6d4285efa3d67d55cf3451eb88f3f19e3e77",
        "is_verified": false,
        "line_number": 302
      }
    ],
    "helm-headlamp/HEADLAMP-LDAP-INTEGRATION.md": [
      {
        "type": "Secret Keyword",
        "filename": "helm-headlamp/HEADLAMP-LDAP-INTEGRATION.md",
        "hashed_secret": "def3d397aa2fe5321f23000800afe2fc340612ce",
        "is_verified": false,
        "line_number": 30
      },
      {
        "type": "Secret Keyword",
        "filename": "helm-headlamp/HEADLAMP-LDAP-INTEGRATION.md",
        "hashed_secret": "6af3c121ed4a752936c297cddfb7b00394eabf10",
        "is_verified": false,
        "line_number": 68
      },
      {
        "type": "Secret Keyword",
        "filename": "helm-headlamp/HEADLAMP-LDAP-INTEGRATION.md",
        "hashed_secret": "4ea70c15a401ab96e3f28d37ed5f515bdf2d023a",
        "is_verified": false,
        "line_number": 87
      },
      {
        "type": "Secret Keyword",
        "filename": "helm-headlamp/HEADLAMP-LDAP-INTEGRATION.md",
        "hashed_secret": "097182886b380b1d67f8e79bdbfcdf6e10695345",
        "is_verified": false,
        "line_number": 107
      },
      {
        "type": "Secret Keyword",
        "filename": "helm-headlamp/HEADLAMP-LDAP-INTEGRATION.md",
        "hashed_secret": "8f496788bffe8b052feeb2c64bbf8e38bdaec69b",
        "is_verified": false,
        "line_number": 203
      },
      {
        "type": "Secret Keyword",
        "filename": "helm-headlamp/HEADLAMP-LDAP-INTEGRATION.md",
        "hashed_secret": "5baa61e4c9b93f3f0682250b6cf8331b7ee68fd8",
        "is_verified": false,
        "line_number": 260
      }
    ],
    "helm-headlamp/README.md": [
      {
        "type": "Secret Keyword",
        "filename": "helm-headlamp/README.md",
        "hashed_secret": "96e355533b409c3ae7c8aae4aad11b6a8579045e",
        "is_verified": false,
        "line_number": 555
      },
      {
        "type": "Secret Keyword",
        "filename": "helm-headlamp/README.md",
        "hashed_secret": "325778ab9d49a6df7bc13a83563bec2de2a84c95",
        "is_verified": false,
        "line_number": 582
      }
    ],
    "helm-portainer/README.md": [
      {
        "type": "Secret Keyword",
        "filename": "helm-portainer/README.md",
        "hashed_secret": "354b3a4b7715d3694c88a4fa7db49e41de86568e",
        "is_verified": false,
        "line_number": 26
      },
      {
        "type": "Secret Keyword",
        "filename": "helm-portainer/README.md",
        "hashed_secret": "ba89aecdd197dfb3036ceb8ddedcc64965625a4d",
        "is_verified": false,
        "line_number": 41
      },
      {
        "type": "Secret Keyword",
        "filename": "helm-portainer/README.md",
        "hashed_secret": "5baa61e4c9b93f3f0682250b6cf8331b7ee68fd8",
        "is_verified": false,
        "line_number": 519
      }
    ],
    "helm-traefik/README.md": [
      {
        "type": "Secret Keyword",
        "filename": "helm-traefik/README.md",
        "hashed_secret": "16e7248dd82cd9dd767d41219436fe12d34a00a4",
        "is_verified": false,
        "line_number": 109
      },
      {
        "type": "Secret Keyword",
        "filename": "helm-traefik/README.md",
        "hashed_secret": "29c32f233d04598b3181c0e27ea0ec7a5c949297",
        "is_verified": false,
        "line_number": 150
      }
    ],
    "helm-traefik/middleware/README.md": [
      {
        "type": "Secret Keyword",
        "filename": "helm-traefik/middleware/README.md",
        "hashed_secret": "e8f9fe7b460939606bcd0fd7ec38c90956da49bd",
        "is_verified": false,
        "line_number": 53
      }
    ],
    "helm-traefik/middleware/variables.tf": [
      {
        "type": "Secret Keyword",
        "filename": "helm-traefik/middleware/variables.tf",
        "hashed_secret": "e8f9fe7b460939606bcd0fd7ec38c90956da49bd",
        "is_verified": false,
        "line_number": 127
      }
    ],
    "helm-vault/README.md": [
      {
        "type": "Secret Keyword",
        "filename": "helm-vault/README.md",
        "hashed_secret": "819ace0db1abc4f25bb11e7d347b463f4b68222d",
        "is_verified": false,
        "line_number": 245
      },
      {
        "type": "Secret Keyword",
        "filename": "helm-vault/README.md",
        "hashed_secret": "d6163ea713d250e909ed14759a6ededb7d0cc0d2",
        "is_verified": false,
        "line_number": 368
      },
      {
        "type": "Secret Keyword",
        "filename": "helm-vault/README.md",
        "hashed_secret": "249ba36000029bbe97499c03db5a9001f6b734ec",
        "is_verified": false,
        "line_number": 369
      },
      {
        "type": "Secret Keyword",
        "filename": "helm-vault/README.md",
        "hashed_secret": "5baa61e4c9b93f3f0682250b6cf8331b7ee68fd8",
        "is_verified": false,
        "line_number": 372
      }
    ],
    "helm-vault/config-map.tf": [
      {
        "type": "Secret Keyword",
        "filename": "helm-vault/config-map.tf",
        "hashed_secret": "15971b4bf05f24bc08b836c3b0bcbbc2682eb315",
        "is_verified": false,
        "line_number": 56
      },
      {
        "type": "Secret Keyword",
        "filename": "helm-vault/config-map.tf",
        "hashed_secret": "68432bf22f0f35007fc7f8b58b2dd81d4090fb88",
        "is_verified": false,
        "line_number": 197
      },
      {
        "type": "Secret Keyword",
        "filename": "helm-vault/config-map.tf",
        "hashed_secret": "89299cb50e62a726696bcfceab2acad4dad7d368",
        "is_verified": false,
        "line_number": 339
      }
    ],
    "kubevirt-operator/test-vm-arm64.yaml": [
      {
        "type": "Secret Keyword",
        "filename": "kubevirt-operator/test-vm-arm64.yaml",
        "hashed_secret": "122a70a68fa5f91ee82c63719a194b7b67c55a70",
        "is_verified": false,
        "line_number": 36
      }
    ],
    "kubevirt-operator/test-vm-datavolume.yaml": [
      {
        "type": "Secret Keyword",
        "filename": "kubevirt-operator/test-vm-datavolume.yaml",
        "hashed_secret": "9ca36569fa7479c5bc28b843cc333369c4000ef3",
        "is_verified": false,
        "line_number": 47
      }
    ],
    "locals.tf": [
      {
        "type": "Secret Keyword",
        "filename": "locals.tf",
        "hashed_secret": "4fd1099151959bfbd94a195a429ffb650c7f426b",
        "is_verified": false,
        "line_number": 375
      }
    ],
    "scripts/sync-versions.sh": [
      {
        "type": "Secret Keyword",
        "filename": "scripts/sync-versions.sh",
        "hashed_secret": "82caa1dbba750ae1d365fbcf6f9500f17769f60e",
        "is_verified": false,
        "line_number": 111
      }
    ],
    "terraform.tfvars.example": [
      {
        "type": "Secret Keyword",
        "filename": "terraform.tfvars.example",
        "hashed_secret": "9393914157043066154db0496d7f1cff4d290bfe",
        "is_verified": false,
        "line_number": 304
      },
      {
        "type": "Secret Keyword",
        "filename": "terraform.tfvars.example",
        "hashed_secret": "33f220dd67f717cc949db63e21c90e130a6137da",
        "is_verified": false,
        "line_number": 317
      },
      {
        "type": "Secret Keyword",
        "filename": "terraform.tfvars.example",
        "hashed_secret": "36c747c2420ffbe6af52951344d79909ae613da0",
        "is_verified": false,
        "line_number": 370
      },
      {
        "type": "Secret Keyword",
        "filename": "terraform.tfvars.example",
        "hashed_secret": "099696c60e7eb64daa7873b1e933b6a56cc85f34",
        "is_verified": false,
        "line_number": 776
      },
      {
        "type": "Secret Keyword",
        "filename": "terraform.tfvars.example",
        "hashed_secret": "87948c1e11129d37b8a6b3643a721e60179c8216",
        "is_verified": false,
        "line_number": 815
      },
      {
        "type": "Secret Keyword",
        "filename": "terraform.tfvars.example",
        "hashed_secret": "8daae4761d8dea650f5af7a73564797bf026b2bf",
        "is_verified": false,
        "line_number": 816
      },
      {
        "type": "Secret Keyword",
        "filename": "terraform.tfvars.example",
        "hashed_secret": "354b3a4b7715d3694c88a4fa7db49e41de86568e",
        "is_verified": false,
        "line_number": 834
      },
      {
        "type": "Secret Keyword",
        "filename": "terraform.tfvars.example",
        "hashed_secret": "60a23219f74cb48bdd068d2d3299f9c7f619f32a",
        "is_verified": false,
        "line_number": 846
      },
      {
        "type": "Secret Keyword",
        "filename": "terraform.tfvars.example",
        "hashed_secret": "6c299e7e0b6fb38905320a41661687a25503dee4",
        "is_verified": false,
        "line_number": 855
      }
    ],
    "test-configs/README.md": [
      {
        "type": "Secret Keyword",
        "filename": "test-configs/README.md",
        "hashed_secret": "33f220dd67f717cc949db63e21c90e130a6137da",
        "is_verified": false,
        "line_number": 116
      }
    ]
  },
  "generated_at": "2026-02-22T14:57:40Z"
}
